\BOOKMARK [1][-]{section.1}{\376\377\000W\000h\000a\000t\000\040\000i\000s\000\040\000O\000n\000e\000\040\000S\000t\000u\000d\000e\000n\000t\000\040\000O\000n\000e\000\040\000L\000a\000p\000t\000o\000p\000\050\000O\000S\000O\000L\000\051\000?}{}% 1
\BOOKMARK [1][-]{section.2}{\376\377\000W\000h\000y\000\040\000O\000S\000O\000L\000?}{}% 2
\BOOKMARK [2][-]{subsection.2.1}{\376\377\000E\000d\000u\000c\000a\000t\000i\000o\000n\000\040\000w\000o\000u\000l\000d\000\040\000c\000h\000a\000n\000g\000e\000\040\000o\000n\000e\000\040\000l\000i\000f\000e}{section.2}% 3
\BOOKMARK [3][-]{subsubsection.2.1.1}{\376\377\000W\000h\000a\000t\000\040\000i\000s\000\040\000E\000d\000u\000c\000a\000t\000i\000o\000n\000\040\000a\000n\000d\000\040\000W\000h\000y\000\040\000i\000s\000\040\000i\000t\000\040\000I\000m\000p\000o\000r\000t\000a\000n\000t\000?}{subsection.2.1}% 4
\BOOKMARK [3][-]{subsubsection.2.1.2}{\376\377\000H\000o\000w\000\040\000E\000d\000u\000c\000a\000t\000i\000o\000n\000\040\000C\000a\000n\000\040\000E\000m\000p\000o\000w\000e\000r\000\040\000I\000n\000d\000i\000v\000i\000d\000u\000a\000l\000s\000\040\000a\000n\000d\000\040\000C\000o\000m\000m\000u\000n\000i\000t\000i\000e\000s}{subsection.2.1}% 5
\BOOKMARK [2][-]{subsection.2.2}{\376\377\000T\000h\000e\000\040\000I\000n\000t\000e\000r\000n\000e\000t\000\040\000a\000n\000d\000\040\000E\000d\000u\000c\000a\000t\000i\000o\000n}{section.2}% 6
\BOOKMARK [3][-]{subsubsection.2.2.1}{\376\377\000U\000n\000p\000r\000e\000c\000e\000d\000e\000n\000t\000e\000d\000\040\000A\000c\000c\000e\000s\000s\000\040\000t\000o\000\040\000I\000n\000f\000o\000r\000m\000a\000t\000i\000o\000n}{subsection.2.2}% 7
\BOOKMARK [3][-]{subsubsection.2.2.2}{\376\377\000E\000n\000h\000a\000n\000c\000e\000d\000\040\000C\000o\000m\000m\000u\000n\000i\000c\000a\000t\000i\000o\000n\000\040\000a\000n\000d\000\040\000C\000o\000l\000l\000a\000b\000o\000r\000a\000t\000i\000o\000n}{subsection.2.2}% 8
\BOOKMARK [3][-]{subsubsection.2.2.3}{\376\377\000E\000x\000p\000a\000n\000d\000e\000d\000\040\000A\000c\000c\000e\000s\000s\000\040\000t\000o\000\040\000E\000d\000u\000c\000a\000t\000i\000o\000n\000a\000l\000\040\000R\000e\000s\000o\000u\000r\000c\000e\000s}{subsection.2.2}% 9
\BOOKMARK [3][-]{subsubsection.2.2.4}{\376\377\000O\000n\000l\000i\000n\000e\000\040\000L\000e\000a\000r\000n\000i\000n\000g\000\040\000a\000n\000d\000\040\000C\000e\000r\000t\000i\000f\000i\000c\000a\000t\000i\000o\000n}{subsection.2.2}% 10
\BOOKMARK [3][-]{subsubsection.2.2.5}{\376\377\000F\000l\000e\000x\000i\000b\000l\000e\000\040\000L\000e\000a\000r\000n\000i\000n\000g\000\040\000E\000n\000v\000i\000r\000o\000n\000m\000e\000n\000t\000s}{subsection.2.2}% 11
\BOOKMARK [3][-]{subsubsection.2.2.6}{\376\377\000B\000e\000y\000o\000n\000d\000\040\000t\000h\000e\000\040\000C\000l\000a\000s\000s\000r\000o\000o\000m}{subsection.2.2}% 12
\BOOKMARK [3][-]{subsubsection.2.2.7}{\376\377\000C\000o\000s\000t\000-\000E\000f\000f\000e\000c\000t\000i\000v\000e\000\040\000L\000e\000a\000r\000n\000i\000n\000g\000\040\000O\000p\000p\000o\000r\000t\000u\000n\000i\000t\000i\000e\000s}{subsection.2.2}% 13
\BOOKMARK [2][-]{subsection.2.3}{\376\377\000T\000h\000e\000\040\000I\000m\000p\000a\000c\000t\000\040\000o\000f\000\040\000G\000P\000T\000\040\000o\000n\000\040\000E\000d\000u\000c\000a\000t\000i\000o\000n}{section.2}% 14
\BOOKMARK [3][-]{subsubsection.2.3.1}{\376\377\000P\000e\000r\000s\000o\000n\000a\000l\000i\000z\000e\000d\000\040\000L\000e\000a\000r\000n\000i\000n\000g\000\040\000E\000x\000p\000e\000r\000i\000e\000n\000c\000e\000s}{subsection.2.3}% 15
\BOOKMARK [3][-]{subsubsection.2.3.2}{\376\377\0002\0004\000/\0007\000\040\000A\000I\000-\000P\000o\000w\000e\000r\000e\000d\000\040\000A\000s\000s\000i\000s\000t\000a\000n\000c\000e}{subsection.2.3}% 16
\BOOKMARK [3][-]{subsubsection.2.3.3}{\376\377\000E\000n\000h\000a\000n\000c\000e\000d\000\040\000L\000e\000a\000r\000n\000i\000n\000g\000\040\000a\000n\000d\000\040\000R\000e\000d\000u\000c\000e\000d\000\040\000E\000r\000r\000o\000r\000s}{subsection.2.3}% 17
\BOOKMARK [3][-]{subsubsection.2.3.4}{\376\377\000S\000t\000r\000e\000a\000m\000l\000i\000n\000i\000n\000g\000\040\000T\000a\000s\000k\000s\000\040\000a\000n\000d\000\040\000F\000o\000s\000t\000e\000r\000i\000n\000g\000\040\000I\000n\000d\000e\000p\000e\000n\000d\000e\000n\000t\000\040\000L\000e\000a\000r\000n\000i\000n\000g}{subsection.2.3}% 18
\BOOKMARK [1][-]{section.3}{\376\377\000R\000e\000l\000a\000t\000e\000d\000\040\000R\000e\000s\000o\000u\000r\000c\000e\000s}{}% 19
\BOOKMARK [2][-]{subsection.3.1}{\376\377\000O\000n\000e\000\040\000L\000a\000p\000t\000o\000p\000\040\000P\000e\000r\000\040\000C\000h\000i\000l\000d}{section.3}% 20
\BOOKMARK [2][-]{subsection.3.2}{\376\377\000W\000o\000r\000l\000d\000\040\000C\000o\000m\000p\000u\000t\000e\000r\000\040\000E\000x\000c\000h\000a\000n\000g\000e}{section.3}% 21
\BOOKMARK [2][-]{subsection.3.3}{\376\377\000U\000N\000E\000S\000C\000O}{section.3}% 22
\BOOKMARK [3][-]{subsubsection.3.3.1}{\376\377\000T\000h\000e\000\040\000I\000m\000p\000o\000r\000t\000a\000n\000c\000e\000\040\000o\000f\000\040\000D\000i\000g\000i\000t\000a\000l\000\040\000I\000n\000n\000o\000v\000a\000t\000i\000o\000n\000\040\000i\000n\000\040\000E\000d\000u\000c\000a\000t\000i\000o\000n}{subsection.3.3}% 23
\BOOKMARK [3][-]{subsubsection.3.3.2}{\376\377\000T\000h\000e\000\040\000R\000o\000l\000e\000\040\000o\000f\000\040\000A\000r\000t\000i\000f\000i\000c\000i\000a\000l\000\040\000I\000n\000t\000e\000l\000l\000i\000g\000e\000n\000c\000e\000\040\000i\000n\000\040\000E\000d\000u\000c\000a\000t\000i\000o\000n}{subsection.3.3}% 24
\BOOKMARK [1][-]{section.4}{\376\377\000W\000h\000a\000t\000\040\000O\000S\000O\000L\000\040\000w\000i\000l\000l\000\040\000b\000e\000n\000f\000i\000t\000\040\000t\000o\000\040\000R\000i\000v\000e\000r\000t\000y\000\040\000a\000n\000d\000\040\000B\000e\000r\000t\000e\000l\000s\000m\000a\000n\000n\000?}{}% 25
\BOOKMARK [1][-]{section.5}{\376\377\000H\000o\000w\000\040\000O\000S\000O\000L\000?}{}% 26
\BOOKMARK [2][-]{subsection.5.1}{\376\377\000O\000n\000e\000\040\000I\000T\000\040\000e\000q\000u\000i\000p\000m\000e\000n\000t\000\040\000l\000i\000f\000e\000c\000y\000c\000l\000e}{section.5}% 27
\BOOKMARK [3][-]{subsubsection.5.1.1}{\376\377\000E\000q\000u\000i\000p\000m\000e\000n\000t\000\040\000s\000t\000a\000g\000e\000s}{subsection.5.1}% 28
\BOOKMARK [3][-]{subsubsection.5.1.2}{\376\377\000E\000q\000u\000i\000p\000m\000e\000n\000t\000\040\000s\000c\000o\000r\000e}{subsection.5.1}% 29
\BOOKMARK [3][-]{subsubsection.5.1.3}{\376\377\000E\000q\000u\000i\000p\000m\000e\000n\000t\000\040\000a\000n\000n\000u\000a\000l\000\040\000c\000h\000e\000c\000k}{subsection.5.1}% 30
\BOOKMARK [2][-]{subsection.5.2}{\376\377\000O\000S\000O\000L\000\040\0002\000D\000\040\000b\000a\000r\000c\000o\000d\000e\000\040\000o\000n\000\040\000I\000T\000\040\000e\000q\000u\000i\000p\000m\000e\000n\000t}{section.5}% 31
\BOOKMARK [3][-]{subsubsection.5.2.1}{\376\377\000S\000t\000a\000g\000e\0000\000\040\0002\000D\000\040\000b\000a\000r\000c\000o\000d\000e\000\040\000d\000a\000t\000a}{subsection.5.2}% 32
\BOOKMARK [3][-]{subsubsection.5.2.2}{\376\377\000S\000t\000a\000g\000e\0001\000\040\0002\000D\000\040\000b\000a\000r\000c\000o\000d\000e\000\040\000d\000a\000t\000a}{subsection.5.2}% 33
\BOOKMARK [3][-]{subsubsection.5.2.3}{\376\377\000S\000t\000a\000g\000e\0002\000\040\0002\000D\000\040\000b\000a\000r\000c\000o\000d\000e\000\040\000d\000a\000t\000a}{subsection.5.2}% 34
\BOOKMARK [3][-]{subsubsection.5.2.4}{\376\377\000S\000t\000a\000g\000e\0003\000\040\0002\000D\000\040\000b\000a\000r\000c\000o\000d\000e\000\040\000d\000a\000t\000a}{subsection.5.2}% 35
\BOOKMARK [2][-]{subsection.5.3}{\376\377\000O\000S\000O\000L\000\040\000p\000r\000e\000i\000n\000s\000t\000a\000l\000l\000e\000d\000\040\000e\000d\000u\000c\000a\000t\000i\000o\000n\000\040\000c\000o\000n\000t\000e\000n\000t}{section.5}% 36
\BOOKMARK [3][-]{subsubsection.5.3.1}{\376\377\000M\000a\000t\000h\000-\000d\000e\000s\000m\000o\000s}{subsection.5.3}% 37
\BOOKMARK [3][-]{subsubsection.5.3.2}{\376\377\000O\000p\000e\000n\000A\000I\000\040\000C\000h\000a\000t\000G\000P\000T}{subsection.5.3}% 38
\BOOKMARK [3][-]{subsubsection.5.3.3}{\376\377\000G\000o\000o\000g\000l\000e\000\040\000G\000e\000m\000i\000n\000i}{subsection.5.3}% 39
\BOOKMARK [3][-]{subsubsection.5.3.4}{\376\377\000R\000e\000s\000e\000a\000r\000c\000h\000G\000a\000t\000e}{subsection.5.3}% 40
\BOOKMARK [2][-]{subsection.5.4}{\376\377\000O\000S\000O\000L\000\040\000T\000r\000a\000c\000e\000r\000\040\000-\000\040\000O\000S\000O\000L\000\040\000D\000a\000t\000a\000\040\000M\000a\000n\000a\000g\000e\000m\000e\000n\000t\000\040\000S\000y\000s\000t\000e\000m}{section.5}% 41
\BOOKMARK [3][-]{subsubsection.5.4.1}{\376\377\000O\000S\000O\000L\000-\000T\000\040\000A\000r\000c\000h\000i\000t\000e\000c\000t\000u\000r\000e}{subsection.5.4}% 42
\BOOKMARK [3][-]{subsubsection.5.4.2}{\376\377\000O\000S\000O\000L\000-\000T\000\040\000D\000a\000t\000a\000b\000a\000s\000e}{subsection.5.4}% 43
\BOOKMARK [3][-]{subsubsection.5.4.3}{\376\377\000O\000S\000O\000L\000-\000T\000\040\000A\000P\000I}{subsection.5.4}% 44
\BOOKMARK [3][-]{subsubsection.5.4.4}{\376\377\000O\000S\000O\000L\000-\000T\000\040\000A\000P\000I\000\040\000M\000a\000n\000a\000g\000e\000m\000e\000n\000t\000\040}{subsection.5.4}% 45
\BOOKMARK [3][-]{subsubsection.5.4.5}{\376\377\000O\000S\000O\000L\000-\000T\000\040\000G\000U\000I}{subsection.5.4}% 46
\BOOKMARK [2][-]{subsection.5.5}{\376\377\000R\000i\000v\000e\000r\000t\000y\000\040\000C\000o\000m\000p\000u\000t\000e\000r\000\040\000C\000e\000n\000t\000e\000r\000\050\000R\000C\000C\000\051}{section.5}% 47
\BOOKMARK [1][-]{section.6}{\376\377\000W\000h\000e\000n\000\040\000O\000S\000O\000L\000\040\000-\000\040\000S\000c\000h\000e\000d\000u\000l\000e}{}% 48
\BOOKMARK [2][-]{subsection.6.1}{\376\377\000S\000t\000e\000p\000\040\0001}{section.6}% 49
\BOOKMARK [1][-]{section.7}{\376\377\000O\000S\000O\000L\000\040\000B\000u\000d\000g\000e\000t\000\040}{}% 50
\BOOKMARK [1][-]{appendix.A}{\376\377\000O\000S\000O\000L\000-\000T\000\040\000D\000a\000t\000a\000b\000a\000s\000e\000\040\000m\000e\000t\000a\000d\000a\000t\000a}{}% 51
\BOOKMARK [2][-]{subsection.A.1}{\376\377\000t\000a\000b\000l\000e\000\137\000a\000u\000d\000i\000t\000\137\000c\000o\000l\000u\000m\000n\000s}{appendix.A}% 52
\BOOKMARK [2][-]{subsection.A.2}{\376\377\000o\000s\000o\000l\000.\000p\000e\000r\000s\000o\000n}{appendix.A}% 53
\BOOKMARK [2][-]{subsection.A.3}{\376\377\000c\000o\000n\000f\000.\000p\000e\000r\000s\000o\000n\000\137\000t\000y\000p\000e}{appendix.A}% 54
\BOOKMARK [2][-]{subsection.A.4}{\376\377\000c\000o\000n\000f\000.\000l\000a\000n\000g\000u\000a\000g\000e}{appendix.A}% 55
\BOOKMARK [2][-]{subsection.A.5}{\376\377\000o\000s\000o\000l\000.\000a\000d\000d\000r\000e\000s\000s}{appendix.A}% 56
\BOOKMARK [2][-]{subsection.A.6}{\376\377\000c\000o\000n\000f\000.\000c\000o\000u\000n\000t\000r\000y}{appendix.A}% 57
\BOOKMARK [2][-]{subsection.A.7}{\376\377\000o\000s\000o\000l\000.\000c\000o\000m\000m\000u\000n\000i\000c\000a\000t\000i\000o\000n}{appendix.A}% 58
\BOOKMARK [2][-]{subsection.A.8}{\376\377\000o\000s\000o\000l\000.\000c\000o\000m\000m\000u\000n\000i\000c\000a\000t\000i\000o\000n\000\137\000m\000e\000a\000n}{appendix.A}% 59
\BOOKMARK [2][-]{subsection.A.9}{\376\377\000o\000s\000o\000l\000.\000e\000q\000u\000i\000p}{appendix.A}% 60
\BOOKMARK [2][-]{subsection.A.10}{\376\377\000c\000o\000n\000f\000.\000e\000q\000u\000i\000p\000\137\000t\000y\000p\000e}{appendix.A}% 61
\BOOKMARK [2][-]{subsection.A.11}{\376\377\000o\000s\000o\000l\000.\000m\000o\000n\000i\000t\000o\000r}{appendix.A}% 62
\BOOKMARK [2][-]{subsection.A.12}{\376\377\000o\000s\000o\000l\000.\000m\000o\000n\000i\000t\000o\000r\000\137\000m\000o\000d\000e\000l}{appendix.A}% 63
\BOOKMARK [2][-]{subsection.A.13}{\376\377\000o\000s\000o\000l\000.\000k\000e\000y\000b\000o\000a\000r\000d}{appendix.A}% 64
\BOOKMARK [2][-]{subsection.A.14}{\376\377\000o\000s\000o\000l\000.\000k\000e\000y\000b\000o\000a\000r\000d\000\137\000m\000o\000d\000e\000l}{appendix.A}% 65
\BOOKMARK [2][-]{subsection.A.15}{\376\377\000o\000s\000o\000l\000.\000m\000o\000u\000s\000e}{appendix.A}% 66
\BOOKMARK [2][-]{subsection.A.16}{\376\377\000o\000s\000o\000l\000.\000m\000o\000u\000s\000e\000\137\000m\000o\000d\000e\000l}{appendix.A}% 67
\BOOKMARK [2][-]{subsection.A.17}{\376\377\000o\000s\000o\000l\000.\000l\000a\000p\000t\000o\000p}{appendix.A}% 68
\BOOKMARK [2][-]{subsection.A.18}{\376\377\000o\000s\000o\000l\000.\000l\000a\000p\000t\000o\000p\000\137\000m\000o\000d\000e\000l}{appendix.A}% 69
\BOOKMARK [2][-]{subsection.A.19}{\376\377\000o\000s\000o\000l\000.\000c\000p\000u\000\137\000m\000o\000d\000e\000l}{appendix.A}% 70
\BOOKMARK [2][-]{subsection.A.20}{\376\377\000o\000s\000o\000l\000.\000g\000p\000u\000\137\000m\000o\000d\000e\000l}{appendix.A}% 71
\BOOKMARK [2][-]{subsection.A.21}{\376\377\000o\000s\000o\000l\000.\000a\000c\000t\000i\000o\000n}{appendix.A}% 72
\BOOKMARK [2][-]{subsection.A.22}{\376\377\000o\000s\000o\000l\000.\000a\000c\000t\000i\000o\000n\000\137\000t\000y\000p\000e}{appendix.A}% 73
\BOOKMARK [2][-]{subsection.A.23}{\376\377\000o\000s\000o\000l\000.\000d\000o\000c\000u\000m\000e\000n\000t}{appendix.A}% 74
\BOOKMARK [2][-]{subsection.A.24}{\376\377\000o\000s\000o\000l\000.\000d\000o\000c\000u\000m\000e\000n\000t\000\137\000t\000y\000p\000e}{appendix.A}% 75
\BOOKMARK [2][-]{subsection.A.25}{\376\377\000o\000s\000o\000l\000.\000s\000t\000i\000c\000k\000e\000r\000\137\000p\000r\000i\000n\000t}{appendix.A}% 76
\BOOKMARK [1][-]{appendix.B}{\376\377\000O\000S\000O\000L\000-\000T\000\040\000a\000r\000c\000h\000i\000t\000e\000c\000t\000u\000r\000e\000\040\000-\000\040\000w\000h\000y\000\040\000u\000s\000e\000\040\000q\000u\000e\000u\000e\000?}{}% 77
